// Jest Snapshot v1, https://goo.gl/fbAQLP

exports[`App renders correctly to match the App snapshot 1`] = `
<DocumentFragment>
  <div
    class="App"
  >
    <div
      class="navbar"
    >
      <img
        alt="logo"
        class="navbar-logo"
        src="MyLogo.png"
      />
      <h2>
        FindSkill
      </h2>
      <ul
        class="navbar-links"
      >
        <li
          class="navbar-links-item"
        >
          <a
            href="/"
          >
            View Skills
          </a>
        </li>
        <li
          class="navbar-links-item"
        >
          <a
            href="/add-skills"
          >
            Add a Skill
          </a>
        </li>
      </ul>
    </div>
    <div
      class="skills"
    >
      <div
        class="sidebar"
      >
        <div
          class="searchform-container"
        />
        <div
          class="skillcard-container"
        >
          <p
            class="infotext"
          >
            Please click on markers to see the deatils
          </p>
        </div>
        <div
          class="legend-container"
        >
          <div
            class="legend"
          >
            <h4>
              Legend
            </h4>
            <div>
              <img
                alt="green"
                class="icon"
                src="http://labs.google.com/ridefinder/images/mm_20_green.png"
              />
              <span>
                Free / Non-Professional service
              </span>
            </div>
            <div>
              <img
                alt="yellow"
                class="icon"
                src="http://labs.google.com/ridefinder/images/mm_20_yellow.png"
              />
              <span>
                Free / Professional service
              </span>
            </div>
            <div>
              <img
                alt="purple"
                class="icon"
                src="http://labs.google.com/ridefinder/images/mm_20_purple.png"
              />
              <span>
                For charge / Professional service
              </span>
            </div>
            <div>
              <img
                alt="red"
                class="icon"
                src="http://labs.google.com/ridefinder/images/mm_20_red.png"
              />
              <span>
                For charge / Non-Professional service
              </span>
            </div>
          </div>
        </div>
      </div>
    </div>
  </div>
</DocumentFragment>
`;
