// Jest Snapshot v1, https://goo.gl/fbAQLP

exports[`Legend to match the Legend snapshot 1`] = `
<DocumentFragment>
  <div
    class="legend-container"
  >
    <div>
      <img
        alt="green"
        class="icon"
        src="http://labs.google.com/ridefinder/images/mm_20_green.png"
      />
      <span
        class="info"
      >
        Professional service
      </span>
    </div>
    <div>
      <img
        alt="red"
        class="icon"
        src="http://labs.google.com/ridefinder/images/mm_20_red.png"
      />
      <span
        class="info"
      >
        Non-Professional service
      </span>
    </div>
  </div>
</DocumentFragment>
`;
