// Jest Snapshot v1, https://goo.gl/fbAQLP

exports[`SearchForm renders correctly to match the SearchForm snapshot 1`] = `
<DocumentFragment>
  <div
    class="searchform-container"
  >
    <h4>
      Pick your town
    </h4>
    <input
      class="searchform"
      placeholder="Enter a City"
      title="searchform"
    />
    <h4>
      Pick the search radius
    </h4>
    <form
      class="radius-container"
    >
      <label
        class="radio"
        for="8"
      >
        <input
          id="8"
          type="radio"
          value="8"
        />
        Large
      </label>
      <label
        class="radio"
        for="9"
      >
        <input
          id="9"
          type="radio"
          value="9"
        />
        Medium
      </label>
      <label
        class="radio"
        for="12"
      >
        <input
          id="12"
          type="radio"
          value="12"
        />
        Small
      </label>
    </form>
  </div>
</DocumentFragment>
`;
